// Jest Snapshot v1, https://goo.gl/fbAQLP

exports[`<Loader /> should render the Loader 1`] = `
.c0 span {
  background: #7A57FD;
  width: 5px;
  height: 25px;
  display: inline-block;
  margin: 0 2px;
  border-radius: 0.4rem;
}

.c0 span:nth-child(1) {
  -webkit-animation: grow 0.5s -0.45s ease-in-out alternate infinite;
  animation: grow 0.5s -0.45s ease-in-out alternate infinite;
}

.c0 span:nth-child(2) {
  -webkit-animation: grow 0.5s -0.3s ease-in-out alternate infinite;
  animation: grow 0.5s -0.3s ease-in-out alternate infinite;
}

.c0 span:nth-child(3) {
  -webkit-animation: grow 0.5s -0.15s ease-in-out alternate infinite;
  animation: grow 0.5s -0.15s ease-in-out alternate infinite;
}

.c0 span:nth-child(4) {
  -webkit-animation: grow 0.5s 0s ease-in-out alternate infinite;
  animation: grow 0.5s 0s ease-in-out alternate infinite;
}

<div
  class="c0"
  data-testid="loading"
>
  <span />
  <span />
  <span />
  <span />
</div>
`;
